<hr />
<h1 id="la-newsletter-dude-la-magicienne-de-linteg-linkydep">✨📜 La newsletter du(de la) magicien(ne) de l’integ LinkyDep 📜✨</h1>
<hr />
<h2 id="les-news-du-19122018-au-11012019">Les news du 19/12/2018 au 11/01/2019</h2>
<h3 id="nouveautés">✨ Nouveautés</h3>
<ul>
<li>blablabla<br />
</li>
<li>blablabla</li>
</ul>
<h3 id="mises-à-jour">🔧 Mises à jour</h3>
<ul>
<li>blablabla<br />
</li>
<li>blablabla</li>
</ul>
<h3 id="corrections">🐛 Corrections</h3>
<ul>
<li>blablabla<br />
</li>
<li>blablabla</li>
</ul>
<hr />
<h2 id="les-infos-bonux">Les infos <a href="https://fr.wikipedia.org/wiki/Bonux">Bonux</a></h2>
<h3 id="la-commande-du-jour">🐧 La commande du jour</h3>
<p>Pour utiliser Ansible, c’est comme ca :<br />
<code>ansible-playbook -i inventory &lt;votre_inventaire&gt; &lt;nom_du_playbook&gt;</code></p>
<h3 id="emoji-mood-de-léquipe">💭 Emoji Mood de l’équipe</h3>
<blockquote>
<p>🐳</p>
</blockquote>
<h3 id="les-beaux-articles-du-web">🌐 Les beaux articles du web</h3>
<ul>
<li><a href="https://medium.com/criciumadev/its-time-migrating-to-java-11-5eb3868354f9">It’s time! Migrating to Java 11</a></li>
<li><a href="https://www.nextinpact.com/brief/faille-0-day-pour-virtualbox--exploitable-sur-tous-les-systemes-6427.htm?skipua=1">Faille 0-day pour VirtualBox, exploitable sur tous les systèmes</a></li>
</ul>
<h3 id="la-citation-du-jour">💬 La citation du jour</h3>
<blockquote>
<p>“Le véritable travail, c’est de savoir attendre.” - Jean Rostand</p>
</blockquote>
<hr />
<center>
Pour contacter l’intégration, c’est par ici : <a href="mailto:DSI-SOC-LYON-DEP-INTEG">DSI-SOC-LYON-DEP-INTEG</a><br />
Le magicien de la semaine c’est <a href="http://confluence.linkydep.enedis.fr/pages/viewpage.action?pageId=8224882">par là</a> ou sur notre Kanban
</center>
<hr />
<p>Test emojis :</p>
<pre><code>Mage : 🧙
Female Mage : 🧙‍♀️
Fortune cookie : 🥠
Thermometer : 🌡️</code></pre>
